ChatMessage{time='2020-10-01T23:59:59Z', user='Luke Skywalker', message='This is Red Leader. We're approaching the Ison Corridor!'}