ChatMessage{time='2022-10-15T12:00:00Z', user='Luke', message='This is red leader...'}