Messages[0] = 23:00:20 <Luke>: Nooo! 20
Messages[1] = 23:00:19 <Luke>: Nooo! 19
Messages[2] = 23:00:18 <Luke>: Nooo! 18
Messages[3] = 23:00:17 <Luke>: Nooo! 17
Messages[4] = 23:00:16 <Luke>: Nooo! 16
Messages[5] = 23:00:15 <Luke>: Nooo! 15
Messages[6] = 23:00:14 <Luke>: Nooo! 14
Messages[7] = 23:00:13 <Luke>: Nooo! 13
Messages[8] = 23:00:12 <Luke>: Nooo! 12
Messages[9] = 23:00:11 <Luke>: Nooo! 11
Messages[10] = 23:00:10 <Luke>: Nooo! 10
Messages[11] = 23:00:09 <Luke>: Nooo! 9
Messages[12] = 23:00:08 <Luke>: Nooo! 8
Messages[13] = 23:00:07 <Luke>: Nooo! 7
Messages[14] = 23:00:06 <Luke>: Nooo! 6
Messages[15] = 23:00:05 <Luke>: Nooo! 5
Messages[16] = 23:00:04 <Luke>: Nooo! 4
Messages[17] = 23:00:03 <Luke>: Nooo! 3
Messages[18] = 23:00:02 <Luke>: Nooo! 2
Messages[19] = 23:00:01 <Luke>: Nooo! 1
